// Jest Snapshot v1, https://goo.gl/fbAQLP

exports[`About should match snapshot 1`] = `
<footer
  className="about"
>
  <div
    className="about__funding"
  >
    <p>
      Funding for this project was graciously provided by:
    </p>
    <div
      className="about__funding-wrapper"
    >
      <a
        className="about__funding-link"
        href="http://www.cihr-irsc.gc.ca/"
        key="CIHR"
        rel="noopener noreferrer"
        target="_blank"
      >
        <img
          alt="CIHR"
          height="50px"
          src="CIHR.svg"
        />
      </a>
      <a
        className="about__funding-link"
        href="https://www.genomecanada.ca/"
        key="Genome Canada"
        rel="noopener noreferrer"
        target="_blank"
      >
        <img
          alt="Genome Canada"
          height="50px"
          src="GenomeCanada.svg"
        />
      </a>
      <a
        className="about__funding-link"
        href="http://www.ontariogenomics.ca/"
        key="Ontario Genomics"
        rel="noopener noreferrer"
        target="_blank"
      >
        <img
          alt="Ontario Genomics"
          height="50px"
          src="OntarioGenomics.svg"
        />
      </a>
      <a
        className="about__funding-link"
        href="http://www.lunenfeld.ca/"
        key="LTRI"
        rel="noopener noreferrer"
        target="_blank"
      >
        <img
          alt="LTRI"
          height="50px"
          src="LTRI.svg"
        />
      </a>
    </div>
  </div>
  <div
    className="about__footer"
  >
    Â© 2018,
    <a
      className="about__link"
      href="http://gingraslab.lunenfeld.ca/"
      rel="noopener noreferrer"
      target="_blank"
    >
      Gingras lab
    </a>
  </div>
</footer>
`;
