// Jest Snapshot v1, https://goo.gl/fbAQLP

exports[`Title should match snapshot 1`] = `
<h1
  className="landing__title"
>
  ProHits-viz
  <img
    alt="ProHits-viz"
    src="title.svg"
  />
</h1>
`;
