// Jest Snapshot v1, https://goo.gl/fbAQLP

exports[`Analysis panel should render 1`] = `
<div
  className="panel"
>
  <Connect(SelectionContainer) />
  <div
    className="panel__border"
  />
  <AnalysisOptionsContainer />
</div>
`;
