// Jest Snapshot v1, https://goo.gl/fbAQLP

exports[`Row context menu should render and match snapshot 1`] = `
<React.Fragment>
  <button
    onClick={[Function]}
    type="button"
  >
    Select row
  </button>
</React.Fragment>
`;
