// Jest Snapshot v1, https://goo.gl/fbAQLP

exports[`Tools It renders 1`] = `
<section
  className="tools"
>
  <h3>
    GETTING STARTED
  </h3>
  <div
    className="tools__toolbox"
  >
    <ToolBox
      external={false}
      image={
        <FontAwesomeIcon$1
          border={false}
          className=""
          fixedWidth={false}
          flip={null}
          icon={
            Object {
              "icon": Array [
                384,
                512,
                Array [],
                "f15c",
                "M224 136V0H24C10.7 0 0 10.7 0 24v464c0 13.3 10.7 24 24 24h336c13.3 0 24-10.7 24-24V160H248c-13.2 0-24-10.8-24-24zm64 236c0 6.6-5.4 12-12 12H108c-6.6 0-12-5.4-12-12v-8c0-6.6 5.4-12 12-12h168c6.6 0 12 5.4 12 12v8zm0-64c0 6.6-5.4 12-12 12H108c-6.6 0-12-5.4-12-12v-8c0-6.6 5.4-12 12-12h168c6.6 0 12 5.4 12 12v8zm0-72v8c0 6.6-5.4 12-12 12H108c-6.6 0-12-5.4-12-12v-8c0-6.6 5.4-12 12-12h168c6.6 0 12 5.4 12 12zm96-114.1v6.1H256V0h6.1c6.4 0 12.5 2.5 17 7l97.9 98c4.5 4.5 7 10.6 7 16.9z",
              ],
              "iconName": "file-alt",
              "prefix": "fas",
            }
          }
          listItem={false}
          mask={null}
          name=""
          pull={null}
          pulse={false}
          rotation={null}
          size="xs"
          spin={false}
          symbol={false}
          transform={null}
        />
      }
      route="/analysis"
      text="With a SAINT, CRAPome or tabular input file in hand, click here to
          begin your analysis"
      title="Analysis"
    />
    <ToolBox
      external={false}
      image="dotplot.svg"
      route="/visualization"
      text="Access our interactive visualization tools here if you have already
          generated an interactive file with ProHits-viz"
      title="Visualization"
    />
    <ToolBox
      external={true}
      image={
        <FontAwesomeIcon$1
          border={false}
          className=""
          fixedWidth={false}
          flip={null}
          icon={
            Object {
              "icon": Array [
                512,
                512,
                Array [],
                "f008",
                "M488 64h-8v20c0 6.6-5.4 12-12 12h-40c-6.6 0-12-5.4-12-12V64H96v20c0 6.6-5.4 12-12 12H44c-6.6 0-12-5.4-12-12V64h-8C10.7 64 0 74.7 0 88v336c0 13.3 10.7 24 24 24h8v-20c0-6.6 5.4-12 12-12h40c6.6 0 12 5.4 12 12v20h320v-20c0-6.6 5.4-12 12-12h40c6.6 0 12 5.4 12 12v20h8c13.3 0 24-10.7 24-24V88c0-13.3-10.7-24-24-24zM96 372c0 6.6-5.4 12-12 12H44c-6.6 0-12-5.4-12-12v-40c0-6.6 5.4-12 12-12h40c6.6 0 12 5.4 12 12v40zm0-96c0 6.6-5.4 12-12 12H44c-6.6 0-12-5.4-12-12v-40c0-6.6 5.4-12 12-12h40c6.6 0 12 5.4 12 12v40zm0-96c0 6.6-5.4 12-12 12H44c-6.6 0-12-5.4-12-12v-40c0-6.6 5.4-12 12-12h40c6.6 0 12 5.4 12 12v40zm272 208c0 6.6-5.4 12-12 12H156c-6.6 0-12-5.4-12-12v-96c0-6.6 5.4-12 12-12h200c6.6 0 12 5.4 12 12v96zm0-168c0 6.6-5.4 12-12 12H156c-6.6 0-12-5.4-12-12v-96c0-6.6 5.4-12 12-12h200c6.6 0 12 5.4 12 12v96zm112 152c0 6.6-5.4 12-12 12h-40c-6.6 0-12-5.4-12-12v-40c0-6.6 5.4-12 12-12h40c6.6 0 12 5.4 12 12v40zm0-96c0 6.6-5.4 12-12 12h-40c-6.6 0-12-5.4-12-12v-40c0-6.6 5.4-12 12-12h40c6.6 0 12 5.4 12 12v40zm0-96c0 6.6-5.4 12-12 12h-40c-6.6 0-12-5.4-12-12v-40c0-6.6 5.4-12 12-12h40c6.6 0 12 5.4 12 12v40z",
              ],
              "iconName": "film",
              "prefix": "fas",
            }
          }
          listItem={false}
          mask={null}
          name=""
          pull={null}
          pulse={false}
          rotation={null}
          size="xs"
          spin={false}
          symbol={false}
          transform={null}
        />
      }
      route="https://www.youtube.com/channel/UCGR-0ixL4z526JUVQU8P4xQ"
      text="Watch demonstration videos on the latest features and tutorials on using our tools"
      title="Videos"
    />
    <ToolBox
      external={false}
      image={
        <FontAwesomeIcon$1
          border={false}
          className=""
          fixedWidth={false}
          flip={null}
          icon={
            Object {
              "icon": Array [
                576,
                512,
                Array [],
                "f1ea",
                "M552 64H88c-13.255 0-24 10.745-24 24v8H24c-13.255 0-24 10.745-24 24v272c0 30.928 25.072 56 56 56h472c26.51 0 48-21.49 48-48V88c0-13.255-10.745-24-24-24zM56 400a8 8 0 0 1-8-8V144h16v248a8 8 0 0 1-8 8zm236-16H140c-6.627 0-12-5.373-12-12v-8c0-6.627 5.373-12 12-12h152c6.627 0 12 5.373 12 12v8c0 6.627-5.373 12-12 12zm208 0H348c-6.627 0-12-5.373-12-12v-8c0-6.627 5.373-12 12-12h152c6.627 0 12 5.373 12 12v8c0 6.627-5.373 12-12 12zm-208-96H140c-6.627 0-12-5.373-12-12v-8c0-6.627 5.373-12 12-12h152c6.627 0 12 5.373 12 12v8c0 6.627-5.373 12-12 12zm208 0H348c-6.627 0-12-5.373-12-12v-8c0-6.627 5.373-12 12-12h152c6.627 0 12 5.373 12 12v8c0 6.627-5.373 12-12 12zm0-96H140c-6.627 0-12-5.373-12-12v-40c0-6.627 5.373-12 12-12h360c6.627 0 12 5.373 12 12v40c0 6.627-5.373 12-12 12z",
              ],
              "iconName": "newspaper",
              "prefix": "fas",
            }
          }
          listItem={false}
          mask={null}
          name=""
          pull={null}
          pulse={false}
          rotation={null}
          size="xs"
          spin={false}
          symbol={false}
          transform={null}
        />
      }
      route="/news"
      text="Read more about the latest news and features available at ProHits-viz"
      title="News"
    />
    <ToolBox
      external={false}
      image={
        <FontAwesomeIcon$1
          border={false}
          className=""
          fixedWidth={false}
          flip={null}
          icon={
            Object {
              "icon": Array [
                384,
                512,
                Array [],
                "f128",
                "M202.021 0C122.202 0 70.503 32.703 29.914 91.026c-7.363 10.58-5.093 25.086 5.178 32.874l43.138 32.709c10.373 7.865 25.132 6.026 33.253-4.148 25.049-31.381 43.63-49.449 82.757-49.449 30.764 0 68.816 19.799 68.816 49.631 0 22.552-18.617 34.134-48.993 51.164-35.423 19.86-82.299 44.576-82.299 106.405V320c0 13.255 10.745 24 24 24h72.471c13.255 0 24-10.745 24-24v-5.773c0-42.86 125.268-44.645 125.268-160.627C377.504 66.256 286.902 0 202.021 0zM192 373.459c-38.196 0-69.271 31.075-69.271 69.271 0 38.195 31.075 69.27 69.271 69.27s69.271-31.075 69.271-69.271-31.075-69.27-69.271-69.27z",
              ],
              "iconName": "question",
              "prefix": "fas",
            }
          }
          listItem={false}
          mask={null}
          name=""
          pull={null}
          pulse={false}
          rotation={null}
          size="xs"
          spin={false}
          symbol={false}
          transform={null}
        />
      }
      route="/help"
      text="New to ProHits-viz or have a question about one of our
          tools? Try our online help section by clicking here"
      title="Help"
    />
  </div>
</section>
`;
