// Jest Snapshot v1, https://goo.gl/fbAQLP

exports[`Help It renders 1`] = `
<div
  className="Help-container"
>
  <NavbarContainer
    background={true}
    fixed={true}
    links={
      Array [
        Object {
          "route": "/analysis",
          "text": "ANALYSIS",
        },
        Object {
          "route": "/visualization",
          "text": "VISUALIZATION",
        },
        Object {
          "route": "/news",
          "text": "NEWS",
        },
      ]
    }
  />
  <div
    className="Help-content"
  >
    <HelpBarContainer />
    <withRouter() />
  </div>
</div>
`;
