// Jest Snapshot v1, https://goo.gl/fbAQLP

exports[`Plot should match snapshot 1`] = `
<g
  transform="translate(100 100)"
>
  <rect
    key="0"
  />
  <rect
    key="1"
  />
  <rect
    key="2"
  />
  <rect
    key="0"
  />
  <rect
    key="1"
  />
  <rect
    key="2"
  />
  <rect
    key="0"
  />
  <rect
    key="1"
  />
  <rect
    key="2"
  />
  <rect
    key="0"
  />
  <rect
    key="1"
  />
  <rect
    key="2"
  />
  <rect
    key="0"
  />
  <rect
    key="1"
  />
  <rect
    key="2"
  />
  <rect
    key="0"
  />
  <rect
    key="1"
  />
  <rect
    key="2"
  />
  <rect
    key="0"
  />
  <rect
    key="1"
  />
  <rect
    key="2"
  />
  <rect
    key="0"
  />
  <rect
    key="1"
  />
  <rect
    key="2"
  />
  <rect
    key="0"
  />
  <rect
    key="1"
  />
  <rect
    key="2"
  />
  <rect
    key="0"
  />
  <rect
    key="1"
  />
  <rect
    key="2"
  />
</g>
`;
