// Jest Snapshot v1, https://goo.gl/fbAQLP

exports[`Map panel annotations should render and match snapshot 1`] = `
<React.Fragment>
  <div
    className="panel__map-annotation"
    key="mapannotation1"
    style={
      Object {
        "backgroundColor": "#0000ff",
        "left": "calc(10% - 5px)",
        "top": "calc(20% - 5px)",
      }
    }
    tooltip="a"
    tooltip-position="top"
  />
  <div
    className="panel__map-annotation"
    key="mapannotation1"
    style={
      Object {
        "backgroundColor": "#0000ff",
        "left": "calc(20% - 5px)",
        "top": "calc(40% - 5px)",
      }
    }
    tooltip="b"
    tooltip-position="top"
  />
</React.Fragment>
`;
