// Jest Snapshot v1, https://goo.gl/fbAQLP

exports[`SecondaryFilter Renders 1`] = `
<CustomField
  helpMessage="Interactions that do no pass the primary score filter but
    pass this secondary filter will be marked with an intermediate intensity
    edge in the dot plot. Interactions that do not pass either filter will be
    marked with a low intensity edge. The secondary filter can be adjusted
    depending on the dataset to allow a greater or lesser number of interactions
    into this 'medium' confidence range."
  inputType="number"
  label="Secondary filter"
  name="secondaryFilter"
  onChange={[Function]}
  placeHolder="Secondary filter..."
  type="input"
/>
`;
