// Jest Snapshot v1, https://goo.gl/fbAQLP

exports[`Annotation should match snapshot 1`] = `
<div
  className="visualization__annotation"
>
  <Input
    disabled={false}
    onChange={[Function]}
    placeholder="Annotation..."
    prefixCls="ant-input"
    type="text"
    value="test"
  />
  <Button
    className={null}
    disabled={false}
    onClick={[Function]}
    type="default"
  >
    Annotate
  </Button>
  <Button
    className={null}
    disabled={false}
    onClick={[Function]}
    type="warning"
  >
    <FontAwesomeIcon$1
      border={false}
      className=""
      fixedWidth={false}
      flip={null}
      icon={
        Object {
          "icon": Array [
            512,
            512,
            Array [],
            "f12d",
            "M497.941 273.941c18.745-18.745 18.745-49.137 0-67.882l-160-160c-18.745-18.745-49.136-18.746-67.883 0l-256 256c-18.745 18.745-18.745 49.137 0 67.882l96 96A48.004 48.004 0 0 0 144 480h356c6.627 0 12-5.373 12-12v-40c0-6.627-5.373-12-12-12H355.883l142.058-142.059zm-302.627-62.627l137.373 137.373L265.373 416H150.628l-80-80 124.686-124.686z",
          ],
          "iconName": "eraser",
          "prefix": "fas",
        }
      }
      listItem={false}
      mask={null}
      name=""
      pull={null}
      pulse={false}
      rotation={null}
      size={null}
      spin={false}
      symbol={false}
      transform={null}
    />
  </Button>
</div>
`;
