// Jest Snapshot v1, https://goo.gl/fbAQLP

exports[`Help module Save should render and match snapshot 1`] = `
<article>
  <p>
    Save
  </p>
</article>
`;
