// Jest Snapshot v1, https://goo.gl/fbAQLP

exports[`Help module Visualization should render and match snapshot 1`] = `
<article>
  <p>
    Visualization
  </p>
</article>
`;
